// Jest Snapshot v1, https://goo.gl/fbAQLP

exports[`renders correctly with defaults 1`] = `
<TextInput
  allowFontScaling={true}
  editable={true}
  placeholder="test"
  placeholderTextColor="#F5FCFF"
  selectionColor="#F5FCFF"
  style={
    Object {
      "color": "#FFFFFF",
      "fontSize": 18,
      "padding": 5,
      "textAlign": "center",
    }
  }
  underlineColorAndroid="transparent"
/>
`;
